---
source: tui/src/status_indicator_widget.rs
assertion_line: 525
expression: "frames.join(\"\\n\")"
---
63 columns:
"Elpising… (0s • esc to interrupt) · checking 日本語 ｶﾞﾊﾟ policy" Hidden by multi-width symbols: [(46, " "), (48, " "), (50, " "), (53, " "), (55, " ")]
"  └ existing details                                           "

62 columns:
"Elpising… (0s • esc to interrupt)                             "
"  └ checking 日本語 ｶﾞﾊﾟ policy                               " Hidden by multi-width symbols: [(14, " "), (16, " "), (18, " "), (21, " "), (23, " ")]
"  └ existing details                                          "

24 columns:
"Elpising… (0s • esc to …"
"  └ checking 日本語 ｶﾞ… " Hidden by multi-width symbols: [(14, " "), (16, " "), (18, " "), (21, " ")]
"  └ existing details    "

63 columns:
"Elpising… (0s • esc to interrupt) · checking 日本語 ｶﾞﾊﾟ policy" Hidden by multi-width symbols: [(46, " "), (48, " "), (50, " "), (53, " "), (55, " ")]
"  └ existing details                                           "
