---
source: tui/src/startup_draft_tests.rs
expression: "snapshots.join(\"\\n---\\n\")"
---
empty (48 columns):

  ◆ Elpis (v0.4.1-dev)
     loading

  Pull up a prompt.

┌──────────────────────────────────────────────┐
› Ask Elpis to do anything                     │
└──────────────────────────────────────────────┘
  ? for shortcuts           Tab Context Ledger
---
resuming (48 columns):

  ◆ Elpis (v0.4.1-dev)
     loading
  Resuming session…
┌──────────────────────────────────────────────┐
› Ask Elpis to do anything                     │
└──────────────────────────────────────────────┘
  ? for shortcuts           Tab Context Ledger
---
forking (48 columns):

  ◆ Elpis (v0.4.1-dev)
     loading
  Forking session…
┌──────────────────────────────────────────────┐
› draft while loading                          │
└──────────────────────────────────────────────┘
                            Tab Context Ledger
---
multiline (48 columns):

  ◆ Elpis (v0.4.1-dev)
     loading

  Pull up a prompt.

┌──────────────────────────────────────────────┐
› first startup line                           │
│ second startup line                          │
└──────────────────────────────────────────────┘
                            Tab Context Ledger
---
narrow (18 columns):

  ◆ Elpis (v0.4.1…
     loading

  Pull up a promp…

┌────────────────┐
› first startup  │
│ line           │
│ second startup │
│ line           │
└────────────────┘
