---
source: tui/src/startup_draft_tests.rs
expression: frames
---
before onboarding: hidden (0x0 viewport)
---
after onboarding:

  ◆ Elpis (v0.5.0-dev)
     loading

  Pull up a prompt.

┌──────────────────────────────────────────────────────────────────────────────┐
› Ask Elpis to do anything                                                     │
└──────────────────────────────────────────────────────────────────────────────┘
  ? for shortcuts                                           Tab Context Ledger
