---
source: tui/src/startup_draft_tests.rs
expression: "snapshots.join(\"\\n---\\n\")"
---
resume lookup fallback:
before:

  ◆ Elpis (v0.4.1-dev)
     loading

  Pull up a prompt.
  Resuming session…
┌──────────────────────────────────────────────┐
› draft while loading                          │
└──────────────────────────────────────────────┘
                            Tab Context Ledger
after:

  ◆ Elpis (v0.4.1-dev)
     loading

  Pull up a prompt.

┌──────────────────────────────────────────────┐
› draft while loading                          │
└──────────────────────────────────────────────┘
                            Tab Context Ledger
---
fork lookup fallback:
before:

  ◆ Elpis (v0.4.1-dev)
     loading

  Pull up a prompt.
  Forking session…
┌──────────────────────────────────────────────┐
› draft while loading                          │
└──────────────────────────────────────────────┘
                            Tab Context Ledger
after:

  ◆ Elpis (v0.4.1-dev)
     loading

  Pull up a prompt.

┌──────────────────────────────────────────────┐
› draft while loading                          │
└──────────────────────────────────────────────┘
                            Tab Context Ledger
---
resume picker cancellation:
before:
hidden while picker owns input
after:

  ◆ Elpis (v0.4.1-dev)
     loading

  Pull up a prompt.

┌──────────────────────────────────────────────┐
› Ask Elpis to do anything                     │
└──────────────────────────────────────────────┘
  ? for shortcuts           Tab Context Ledger
---
fork picker cancellation:
before:
hidden while picker owns input
after:

  ◆ Elpis (v0.4.1-dev)
     loading

  Pull up a prompt.

┌──────────────────────────────────────────────┐
› Ask Elpis to do anything                     │
└──────────────────────────────────────────────┘
  ? for shortcuts           Tab Context Ledger
