---
source: tui/src/model_migration.rs
assertion_line: 652
expression: rendered
---
┌──────────────────────────┐
│                          │
│  # Introducing gpt-new   │
│                          │
│                          │
│  1. Try new model        │
│› 2. Use existing model   │
│                          │
│  enter/esc confirm ·     │
│  ctrl+c quit             │
│                          │
└──────────────────────────┘
