---
source: tui/src/chatwidget/tests/questions_tests.rs
assertion_line: 518
expression: "format!(\"NORMAL\\n{normal}\\n\\nSEARCH\\n{search}\")"
---
NORMAL
 Elpis · model gpt-5.6-sol default · location /tmp/project
• Queued follow-up inputs                       │CONTEXT LEDGER  context not
┌──────────────────────────────────────────────┐│measured · ≈0 source estimates
│ Which way?                                   ││Tab controls · Alt+C hide ·
│                                              ││Ctrl+click open file
│   1. Named                                   ││
│ › 2. alpha beta                              ││SMART PRUNE          [···] SYNC
│      alpha gamma                             ││Reading current thread state
│                                  Vim: Normal ││Syncing… · /smart-prune on|off
│ enter submit   ctrl+] skip                   ││sets an explicit state
│ shift+→ main prompt                          ││
└──────────────────────────────────────────────┘│SUBAGENTS             [━━━●] ON
                                                │May delegate to other agents
                                                │
                                                │CONTEXT WINDOW  usage
                                                │unavailable
                                                │Context measurement unavailable
                                                │until the first request
                                                │snapshot
                                                │
                                                │No portable context is
                                                │available.

SEARCH
 Elpis · model gpt-5.6-sol default · location /tmp/project
• Queued follow-up inputs                       │CONTEXT LEDGER  context not
┌──────────────────────────────────────────────┐│measured · ≈0 source estimates
│ Which way?                                   ││Tab controls · Alt+C hide ·
│                                              ││Ctrl+click open file
│   1. Named                                   ││
│ › 2. alpha beta                              ││SMART PRUNE          [···] SYNC
│      alpha gamma                             ││Reading current thread state
│      /gamma                                  ││Syncing… · /smart-prune on|off
│                                  Vim: Normal ││sets an explicit state
│ enter submit   ctrl+] skip                   ││
│ shift+→ main prompt                          ││SUBAGENTS             [━━━●] ON
└──────────────────────────────────────────────┘│May delegate to other agents
                                                │
                                                │CONTEXT WINDOW  usage
                                                │unavailable
                                                │Context measurement unavailable
                                                │until the first request
                                                │snapshot
                                                │
                                                │No portable context is
                                                │available.
