---
source: tui/src/chatwidget/tests/questions_tests.rs
assertion_line: 1019
expression: "render_bottom_popup(&chat, 80)"
---
 Elpis · model gpt-5.6-sol default · location /tmp/project
• Queued follow-up inputs                       │ CONTEXT LEDGER  context not
┌───────────────────────────────────────────────┤ measured · ≈0 source
│ Same title?                                   │ estimates
│                                               │ Tab controls · Alt+C hide ·
│ My draft for the second question              │ Ctrl+click open file
│                                               │
│ enter submit   ctrl+] skip                    │ SMART PRUNE       [···] SYNC
│ shift+→ main prompt                           │ Reading current thread state
└───────────────────────────────────────────────┤ Syncing… · /smart-prune on|
                                                │ off sets an explicit state
                                                │
                                                │ SUBAGENTS          [━━━●] ON
                                                │ May delegate to other agents
                                                │
                                                │ CONTEXT WINDOW  usage
                                                │ unavailable
                                                │ Context measurement
                                                │ unavailable until the first
                                                │ request snapshot
                                                │
                                                │ No portable context is
                                                │ available.
