---
source: tui/src/app/thread_title_tests.rs
assertion_line: 386
expression: normalize_snapshot_paths(popup)
---
 Elpis · model gpt-5.2 default · location /tmp/project · Keep this title
───────────────────────────────────────────────────────────────────────────────────────────────────────────────────────┐
› Ask Elpis to do anything                                                                                             │
───────────────────────────────────────────────────────────────────────────────────────────────────────────────────────┘
  ? for shortcuts                                                               100% context left · Tab Context Ledger
