---
source: tui/src/app/agent_center_tests.rs
expression: "screen(&view, 160, 22)"
---
  Agent command center  Group: Project  g
   All 6   Needs you 2   Working 1   Ready 2   Inactive 1                                                                                      tab/⇧tab filter
  ────────────────────────────────────────────────────────────────────────────────────────────────────────────────────────────────────────────────────────────
      Tasks                                                               Model               Status         Updated  │ Task details
  Pinned  2                                                                                                           │
  › ○ Current task                                                        Unknown             Ready              now  │ Current task
    ● Needs an answer                                                     Unknown             Needs input     2h ago  │ ○ Ready
                                                                                                                      │
  /tmp/project  4                                                                                                     │ Model: Unknown
    ○ A longer task title that uses the available column          voice   Unknown             Ready           5m ago  │ Reasoning: Unknown
    ! Failed task                                                         Unknown             Error           1h ago  │
    ● Working task                                                        Unknown             Working         1d ago  │ Project
    ○ Unloaded task                                                       Unknown             Inactive        2d ago  │ /tmp/project
                                                                                                                      │
                                                                                                                      │ Prompt
                                                                                                                      │ Current task
                                                                                                                      │
                                                                                                                      │
                                                                                                                      │
                                                                                                                      │
                                                                                                                      │
  ? help  esc back  ↑/↓ move  enter open  n new
