---
source: tui/src/app/warnings_tests.rs
assertion_line: 50
expression: "crate::chatwidget::tests::helpers::normalize_snapshot_paths(screen)"
---
Earlier transcript row 28
Earlier transcript row 29
Earlier transcript row 30
Earlier transcript row 31
Earlier transcript row 32
Earlier transcript row 33
Earlier transcript row 34
Earlier transcript row 35
Earlier transcript row 36
Earlier transcript row 37

 Elpis · model gpt-5.6-sol default · location /tmp/project
  Warnings · 1 of 1 · Warning

  Example warning
  Full diagnostic with remediation.







  k keep & next · esc dismiss & close · ctrl+o copy · ←/→ warning · ↓ scroll
