---
source: tui/src/bottom_pane/chat_composer/sparkle_tests.rs
expression: "snapshots.join(\"\\n\\n\")"
---
accept:
┌──────────────────────────────────────────────────────────────────────────────┐
› Ask Elpis to do anything                                                     │
└──────────────────────────────────────────────────────────────────────────────┘
  ? for shortcuts                       100% context left · Tab Context Ledger

escape:
┌──────────────────────────────────────────────────────────────────────────────┐
›⠁Ask Elpis to do anything         ⠈      ⠁                                    │
└──────────────────────────────────────────────────────────────────────────────┘
  ? for shortcuts                       100% context left · Tab Context Ledger
