---
source: tui/src/bottom_pane/chat_composer/sparkle_tests.rs
expression: "format!(\"command during startup:\\n{}\\n\\nafter command:\\n{}\", text(&pending),\ntext(&completed))"
---
command during startup:
› /context  show context usage as a grid, by category, with checkpoints and
            system files
│
› /context
│
                                        100% context left · Tab Context Ledger

after command:
│                           ⠈     ⢀     ⠁                 ⠂
›⠁Ask Elpis to do anything         ⠈      ⠁
│      ⢀            ⠠     ⠄         ⠠          ⢀    ⠠     ⡀
  ? for shortcuts                       100% context left · Tab Context Ledger
