---
source: tui/src/bottom_pane/chat_composer/sparkle_tests.rs
assertion_line: 367
expression: "snapshots.join(\"\\n\\n\")"
---
shortcut help:
  Keyboard shortcuts

  Compose                       Session
  /        Commands             tab   Send message
  @        Mention files        ⇧tab  Permissions
  !        Shell command        ⌥,    Less reasoning
  ⌃j       New line             ⌥.    More reasoning
  ⌃v       Paste image          f4    Inspect activity
  ⌃g       External editor      ⌃c    Quit
  ⌃r       Search history
  esc esc  Edit last message    Transcript (open first)
                                ⌃t            Open transcript
                                f3            Find text
                                pgup / pgdn   Scroll
                                ⌃space        Start selection
                                ⌃home / ⌃end  Top / latest
                                ⇧⌥, / ⇧⌥.     Top / latest

  /keymap customize

› Ask Elpis to do anything

  ? / esc close

after /model selects Astra:
                            ⠈     ⢀     ⠁                 ⠂
›⠁Ask Elpis to do anything         ⠈      ⠁
       ⢀            ⠠     ⠄         ⠠          ⢀    ⠠     ⡀
  ? for shortcuts                                            100% context left

literal pasted question mark:

› ?

                                                             100% context left

after clearing and selecting Astra:

› Ask Elpis to do anything

  ? for shortcuts                                            100% context left
