---
source: tui/src/bottom_pane/chat_composer/sparkle_tests.rs
expression: "snapshots.join(\"\\n\\n\")"
---
expires while open: false
initial:
┌──────────────────────────────────────────────────────────────────────────────┐
›⠁Ask Elpis to do anything         ⠈      ⠁                                    │
└──────────────────────────────────────────────────────────────────────────────┘
  ? for shortcuts                       100% context left · Tab Context Ledger
searching:
┌──────────────────────────────────────────────────────────────────────────────┐
› stored draft                                                                 │
└──────────────────────────────────────────────────────────────────────────────┘
  reverse-i-search: stored  enter accept · esc cancel
after escape:
┌──────────────────────────────────────────────────────────────────────────────┐
› Ask Elpis to do anything                                   ⠈                 │
└──────────────────────────────────────────────────────────────────────────────┘
  ? for shortcuts                       100% context left · Tab Context Ledger

expires while open: true
initial:
┌──────────────────────────────────────────────────────────────────────────────┐
›⠁Ask Elpis to do anything         ⠈      ⠁                                    │
└──────────────────────────────────────────────────────────────────────────────┘
  ? for shortcuts                       100% context left · Tab Context Ledger
searching:
┌──────────────────────────────────────────────────────────────────────────────┐
› stored draft                                                                 │
└──────────────────────────────────────────────────────────────────────────────┘
  reverse-i-search: stored  enter accept · esc cancel
after escape:
┌──────────────────────────────────────────────────────────────────────────────┐
› Ask Elpis to do anything                                                     │
└──────────────────────────────────────────────────────────────────────────────┘
  ? for shortcuts                       100% context left · Tab Context Ledger
