---
source: cli/src/main.rs
assertion_line: 3324
expression: "errors.join(\"\\n\")"
---
codex --worktree login: `--worktree` supports new interactive sessions, `elpis fork`, `elpis exec`, and `elpis exec fork`
codex fork --worktree: `elpis fork --worktree` requires an explicit session ID
codex fork --worktree --last: `elpis fork --worktree` requires an explicit session ID
codex exec resume --worktree session: `--worktree` cannot resume an existing session; use `elpis exec fork --worktree`
codex exec review --worktree: `--worktree` is not supported for code review
codex resume --worktree session: `--worktree` supports new interactive sessions, `elpis fork`, `elpis exec`, and `elpis exec fork`
codex archive session --worktree: `--worktree` supports new interactive sessions, `elpis fork`, `elpis exec`, and `elpis exec fork`
codex queue --thread session --message hi --worktree: `--worktree` supports new interactive sessions, `elpis fork`, `elpis exec`, and `elpis exec fork`
