---
source: tui/src/chatwidget/realtime/recording_controls_tests.rs
expression: "meters.join(\"\\n\")"
---
│  mic ██████  codex ▅▅▅▅▅▅                    ││Tab controls · Alt+C hide ·
│  mic ██████  codex ▅▅▅▅▅▅  │
│  mic ████▅▁  codex ▅▅▅▅██                    ││Tab controls · Alt+C hide ·
│  mic ███▅▁█  codex ▅▅▅██▁                    ││Tab controls · Alt+C hide ·
│  mic ██▅▁█▁  codex ▅▅██▁▁                    ││Tab controls · Alt+C hide ·
│  mic ▁▁▁▁▁▁  codex ▁▁▁▁▁▁                    ││Tab controls · Alt+C hide ·
