---
source: tui/src/bottom_pane/chat_composer.rs
assertion_line: 12853
expression: terminal.backend()
---
"───────────────────────────────────────┐"
"› Shutting down...                     │"
"                                       │"
"                                       │"
"───────────────────────────────────────┘"
