---
source: tui/src/bottom_pane/chat_composer.rs
expression: terminal.backend()
---
"│                                       "
"› Test                                  "
"│                                       "
"│                                       "
"│                                       "
"│                                       "
"│                                       "
"│                                       "
"  ctrl + q to queue message             "
