---
source: tui/src/bottom_pane/chat_composer.rs
expression: terminal.backend()
---
"┌──────────────────────────────────────────────────────────┐"
"› /ar                                                      │"
"│                                                          │"
"└──────────────────────────────────────────────────────────┘"
"  no matches                                                "
