---
source: tui/src/bottom_pane/mod.rs
assertion_line: 3208
expression: "render_snapshot(&pane, area)"
---
Elpising… (42s • esc to interrupt)      
                                        
───────────────────────────────────────┐
› Ask Elpis to do anything             │
───────────────────────────────────────┘
  100% context left · Tab Context Ledger
