---
source: tui/src/bottom_pane/chat_composer.rs
assertion_line: 5212
expression: terminal.backend()
---
"  Keyboard shortcuts                                                            "
"                                                                                "
"  Compose                       Session                                         "
"  /        Commands             tab   Send message                              "
"  @        Mention files        ⇧tab  Permissions                               "
"  !        Shell command        ⌥,    Less reasoning                            "
"  ⌃j       New line             ⌥.    More reasoning                            "
"  ⌃v       Paste image          ←     Agents (empty prompt)                     "
"  ⌃g       External editor      f4    Inspect activity                          "
"  ⌃r       Search history       ⌃c    Quit                                      "
"  esc esc  Edit last message                                                    "
"                                Transcript (open first)                         "
"                                ⌃t            Open transcript                   "
"                                f3            Find text                         "
"                                pgup / pgdn   Scroll                            "
"                                ⌃space        Start selection                   "
"                                ⌃home / ⌃end  Top / latest                      "
"                                ⇧⌥, / ⇧⌥.     Top / latest                      "
"                                                                                "
"  /keymap customize                                                             "
"                                                                                "
"› Ask Elpis to do anything                                                      "
"                                                                                "
"                                                                                "
"                                                                                "
"                                                                                "
"                                                                                "
"  ? / esc close                                                                 "
