---
source: tui/src/bottom_pane/chat_composer.rs
expression: terminal.backend()
---
"│                                                           "
"» Ask Elpis to do anything                                  "
"│                                                           "
"│                                                           "
"│                                                           "
"│                                                           "
"│                                                           "
"│                                                           "
"  ? for shortcuts     context unknown · Tab Context Ledger  "
