---
source: tui/src/bottom_pane/mod.rs
expression: "render_snapshot(&pane, area)"
---
Elpising… (0s • esc to interrupt)                           
│                                                           
› /mod                                                      
│                                                           
│                                                           
│                                                           
  enter to queue      context unknown · Tab Context Ledger
