---
source: tui/src/bottom_pane/shortcut_overlay_tests.rs
assertion_line: 67
expression: terminal.backend()
---
"  Keyboard shortcuts                                                            "
"                                                                                "
"  Compose                      Session                                          "
"  /       Commands             tab    Send message                              "
"  @       Mention files        ⇧tab   Permissions                               "
"  !       Shell command        /plan  Toggle Plan mode                          "
"  ⇧enter  New line             ⌥.     More reasoning                            "
"  ⌃⌥v     Paste image          f8     Voice                                     "
"  ⌃x ⌃e   External editor      ←      Agents (empty prompt)                     "
"  esc     Edit last message    f4     Inspect activity                          "
"                               ⌃c     Quit                                      "
"                                                                                "
"                               Transcript (open first)                          "
"                               ⌃t            Open transcript                    "
"                               f3            Find text                          "
"                               pgup / pgdn   Scroll                             "
"                               ⌃space        Start selection                    "
"                               ⌃home / ⌃end  Top / latest                       "
"                               ⇧⌥, / ⇧⌥.     Top / latest                       "
"                                                                                "
"  /keymap customize                                                             "
