---
source: tui/src/chatwidget/tests/popups_and_settings.rs
expression: popup
---
 Elpis · model gpt-5.2 · location /tmp/project
┌──────────────────────────────────────────────┐│CONTEXT LEDGER  Total ≈0 tokens
│ Choose a mind                                ││admitted
│ Provider: OpenAI                             ││i = select/deselect all ·
│ Route: direct provider connection            ││backspace = remove added file
│ Protocol: responses                          ││
│ Credential: OpenAI/ChatGPT credential store  ││CONTEXT WINDOW  ≈0 of 258.4k
│ Model: gpt-5.2                               ││used (0%)
│ Provider, protocol, route, and credential so ││░░░░░░░░░░░░░░░░░░░░░░░░░░░░░
│                                              ││■ Conversation (messages) ≈0
     OPENAI                                    ││tokens
  1. Auto                  Elpis automatically ││
                           chooses the right   ││No portable context is
                           model for the task  ││available.
› 2. All models (current)  Browse this         │
                           provider's full     │
                           catalog (current:   │
                           gpt-5.2)            │
     OPENROUTER                                │
  3. openrouter/free       OpenRouter routes   │
                           each request to a   │
                           free open-source    │
                           model               │
└──────────────────────────────────────────────┘
  Press enter to confirm or esc to go back
