---
source: tui/src/chatwidget/tests/guardian.rs
assertion_line: 134
expression: "render_bottom_popup(&chat, 110)"
---
 Elpis · model gpt-5.6-sol default · location /tmp/project

  Auto-review Denials
  Select a denied action to approve.



  Action                                  Rationale
› send input to terminal 42: "confirm\n"  Would confirm a destructive operation.

  enter select · esc back
