---
source: tui/src/chatwidget/tests/popups_and_settings.rs
expression: popup
---
 Elpis · model gpt-5.2 · location /tmp/project
┌──────────────────────────────────────────────┐│CONTEXT LEDGER  Total ≈0 tokens
│ Select Reasoning Level for gpt-5.2           ││admitted
│                                              ││Tab focus · Alt+C focus/hide ·
  1. Low                   Balances speed with ││Ctrl+click open file
                           some reasoning;     ││
                           useful for          ││CONTEXT WINDOW  ≈0 of 258.4k
                           straightforward     ││used (0%)
                           queries and short   ││░░░░░░░░░░░░░░░░░░░░░░░░░░░░░
                           explanations        ││■ Conversation (messages) ≈0
  2. Medium (default)      Provides a solid    ││tokens
                           balance of          ││
                           reasoning depth and ││No portable context is
                           latency for         ││available.
                           general-purpose     │
                           tasks               │
  3. High                  Maximizes reasoning │
                           depth for complex   │
                           or ambiguous        │
                           problems            │
› 4. Extra high (current)  Extra high          │
                           reasoning for       │
                           complex problems    │
                           ⚠ Extra high        │
                           reasoning effort    │
                           can quickly consume │
                           Plus plan rate      │
                           limits.             │
└──────────────────────────────────────────────┘
  Press enter to confirm or esc to go back
