---
source: tui/src/chatwidget/tests/popups_and_settings.rs
assertion_line: 3735
expression: popup
---
 Elpis · model gpt-5.5 · location /tmp/project

  Advanced Reasoning
  ⚠ Consumes usage limits faster


  1. Max              For difficult problems when quality matters more than
                      speed · higher usage
› 2. Ultra (current)  For demanding work using multiple agents · highest usage

  enter apply · s session · esc back
