---
source: tui/src/chatwidget/tests/status_surface_previews.rs
expression: terminal_title_popup_snapshot(&mut chat)
---
 Elpis · model gpt-5.6-sol · location /tmp/project
                                                            │CONTEXT LEDGER  Total ≈0 tokens
  Configure Terminal Title                                  │admitted
  Select which items to display in the terminal title.      │i = select/deselect all · backspace =
                                                            │remove added file
  Type to search                                            │
  >                                                         │CONTEXT WINDOW  ≈0 of 258.4k used (0%)
› [x] project-name   Project name (falls back to current …  │░░░░░░░░░░░░░░░░░░░░░░░░░░░░░░░░░░░░░
  [x] thread-title   Current thread title, or thread iden…  │■ Conversation (messages)   ≈0 tokens
  [x] git-branch     Current Git branch (omitted when una…  │
  [x] task-progress  Latest task progress from update_pla…  │No portable context is available.
  [ ] app-name       Codex app name
  [ ] current-dir    Current working directory
  [ ] activity       Spinner while working, action-requir…
  [ ] run-state      Compact session run-state text (Read…

  preview-live-root | Live preview thread | feature/live-…
  Press space to toggle; ←/→ to move; enter to confirm and c
