---
source: tui/src/chatwidget/tests/side.rs
expression: terminal.backend()
---
"                                                                                "
" Elpis · model gpt-5.6-sol · location /tmp/proje                                "
"┌──────────────────────────────────────────────┐│CONTEXT LEDGER  Total ≈0 tokens"
"› Check recently modified functions for compati││admitted                       "
"│                                              ││Tab focus · Alt+C focus/hide · "
"│                                              ││Ctrl+click open file           "
"└──────────────────────────────────────────────┘│                               "
"  Side from main thread · main needs input · Ctr│SMART PRUNE          [···] SYNC"
"                                                │Reading current thread state   "
"                                                │Syncing… · /smart-prune on|off "
"                                                │sets an explicit state         "
"                                                │                               "
"                                                │CONTEXT WINDOW  ≈0 of 258.4k   "
"                                                │used (0%)                      "
"                                                │░░░░░░░░░░░░░░░░░░░░░░░░░░░░░  "
"                                                │■ Conversation + built-in      "
"                                                │context ≈0 tokens              "
"                                                │                               "
"                                                │No portable context is         "
"                                                │available.                     "
