---
source: tui/src/chatwidget/tests/popups_and_settings.rs
expression: popup
---
 Elpis · model gpt-5.6-sol · location /tmp/project
┌──────────────────────────────────────────────────────────┐│CONTEXT LEDGER  Total ≈0 tokens
│ Plugins                                                  ││admitted
│ Debug Marketplace installed successfully.                ││i = select/deselect all · backspace =
│ Select the plugins you want to use and press Enter to in ││remove added file
│                                                          ││
│ All Plugins  Installed (0)  OpenAI Curated  Workspace    ││CONTEXT WINDOW  ≈0 of 258.4k used (0%)
│ [Debug Marketplace]  Add Marketplace                     ││░░░░░░░░░░░░░░░░░░░░░░░░░░░░░░░░░░░░░
│                                                          ││■ Conversation (messages)   ≈0 tokens
│ Type to search plugins                                   ││
› [-] Debug Plugin  Available   Press Enter to install or… ││No portable context is available.
└──────────────────────────────────────────────────────────┘
  ctrl + u upgrade · ctrl + r remove · space toggle · ←/→ ta
