---
source: tui/src/chatwidget/tests/permissions.rs
expression: "render_bottom_popup(&chat, 80)"
---
 Elpis · model gpt-5.6-sol · location /tmp/proje
┌──────────────────────────────────────────────┐│CONTEXT LEDGER  Total ≈0 tokens
│ Update Model Permissions                     ││admitted
│                                              ││i = select/deselect all ·
› 1. Ask for approval (current… Codex can read ││backspace = remove added file
                                and edit files ││
                                in the current ││CONTEXT WINDOW  ≈0 of 258.4k
                                workspace, and ││used (0%)
                                run commands.  ││░░░░░░░░░░░░░░░░░░░░░░░░░░░░░
                                Approval is    ││■ Conversation (messages) ≈0
                                required to    ││tokens
                                access the     ││
                                internet or    ││No portable context is
                                edit other     ││available.
                                files.         │
  2. Full Access                Codex can edit │
                                files outside  │
                                this workspace │
                                and access the │
                                internet       │
                                without asking │
                                for approval.  │
                                Exercise       │
                                caution when   │
                                using.         │
  3. Read Only                  Codex can read │
                                files in the   │
                                current        │
                                workspace.     │
                                Approval is    │
                                required to    │
                                edit files or  │
                                access the     │
                                internet.      │
└──────────────────────────────────────────────┘
  Press enter to confirm or esc to go back
