---
source: tui/src/chatwidget/tests/app_server.rs
expression: popup
---
 Elpis · model gpt-5.6-sol · location /tmp/proje
┌──────────────────────────────────────────────┐│CONTEXT LEDGER  Total ≈0 tokens
│ Our systems are thinking a bit more about    ││admitted
│ this request before responding.              ││i = select/deselect all ·
│ Hang tight or retry with a faster model for  ││backspace = remove added file
│ a quicker response, though it may be less    ││
│ capable of handling complex requests.        ││CONTEXT WINDOW  ≈0 of 258.4k
│                                              ││used (0%)
› 1. Retry with a faster model                 ││░░░░░░░░░░░░░░░░░░░░░░░░░░░░░
  2. Dismiss and keep waiting                  ││■ Conversation (messages) ≈0
  3. Learn more                                ││tokens
└──────────────────────────────────────────────┘│
  No action is required. Codex will keep        │No portable context is
  waiting, and this menu will close when the    │available.
  response is ready.
