---
source: tui/src/chatwidget/tests/popups_and_settings.rs
expression: popup
---
 Elpis · model gpt-5.6-sol · location /tmp/project
┌──────────────────────────────────────────────────────────────────────┐│CONTEXT LEDGER  Total ≈0 tokens admitted
│ Plugins                                                              ││i = select/deselect all · backspace = remove
│ Browse plugins from available marketplaces.                          ││added file
│ Installed 1 of 1 available plugins.                                  ││
│                                                                      ││CONTEXT WINDOW  ≈0 of 258.4k used (0%)
│ [All Plugins]  Installed (1)  OpenAI Curated  Workspace              ││░░░░░░░░░░░░░░░░░░░░░░░░░░░░░░░░░░░░░░░░░░░░░
│ Add Marketplace                                                      ││■ Conversation (messages)           ≈0 tokens
│                                                                      ││
│ Type to search plugins                                               ││No portable context is available.
› [!] Admin Blocked  Disabled   Press Enter to view plugin details.    │
└──────────────────────────────────────────────────────────────────────┘
  space enable/disable · ←/→ select marketplace · enter view details · e
