---
source: tui/src/chatwidget/tests/popups_and_settings.rs
expression: before
---
 Elpis · model gpt-5.6-sol · location /tmp/proje
┌──────────────────────────────────────────────┐│CONTEXT LEDGER  Total ≈0 tokens
│ Apps                                         ││admitted
│ Loading installed and available apps...      ││i = select/deselect all ·
│                                              ││backspace = remove added file
›    Loading apps...  This updates when the    ││
                      full list is ready.      ││CONTEXT WINDOW  ≈0 of 258.4k
└──────────────────────────────────────────────┘│used (0%)
  Press enter to confirm or esc to go back      │░░░░░░░░░░░░░░░░░░░░░░░░░░░░░
                                                │■ Conversation (messages) ≈0
                                                │tokens
                                                │
                                                │No portable context is
                                                │available.
