---
source: tui/src/chatwidget/tests/popups_and_settings.rs
expression: popup
---
 Elpis · model gpt-5.4 · location /tmp/project
┌──────────────────────────────────────────────┐│CONTEXT LEDGER  context not
│ Select Reasoning Level for gpt-5.4           ││measured · ≈0 source estimates
│                                              ││Tab hide/show · Ctrl+click open
  1. Low               Fast responses with     ││file
                       lighter reasoning       ││
  2. Medium (default)  Balances speed and      ││SMART PRUNE          [···] SYNC
                       reasoning depth for     ││Reading current thread state
                       everyday tasks          ││Syncing… · /smart-prune on|off
› 3. High (current)    Greater reasoning depth ││sets an explicit state
                       for complex problems    ││
  4. Extra high        Extra high reasoning    ││CONTEXT WINDOW  usage
                       depth for complex       ││unavailable
                       problems                ││Context measurement unavailable
  5. More reasoning…   Max and Ultra consume   ││until the first request
                       usage limits faster     ││snapshot
└──────────────────────────────────────────────┘│
  Press enter to confirm or esc to go back      │No portable context is
                                                │available.
