---
source: tui/src/chatwidget/tests/popups_and_settings.rs
expression: popup
---
 Elpis · model gpt-5.4 · location /tmp/project
┌──────────────────────────────────────────────┐│CONTEXT LEDGER  Total ≈0 tokens
│ Select Personality                           ││admitted
│ Choose a communication style for Codex.      ││i = select/deselect all ·
│                                              ││backspace = remove added file
  1. Friendly             Warm, collaborative, ││
                          and helpful.         ││CONTEXT WINDOW  ≈0 of 258.4k
› 2. Pragmatic (current)  Concise, task-       ││used (0%)
                          focused, and direct. ││░░░░░░░░░░░░░░░░░░░░░░░░░░░░░
└──────────────────────────────────────────────┘│■ Conversation (messages) ≈0
  Press enter to confirm or esc to go back      │tokens
                                                │
                                                │No portable context is
                                                │available.
