---
source: tui/src/chatwidget/tests/popups_and_settings.rs
expression: "render_bottom_popup(&chat, 80)"
---
  Choose a mind
  Pick a quick auto mode or browse all models.
  Provider: OpenAI (openai)
  Route: the provider's default endpoint
  Protocol: OpenAI Responses
  Credential: your OpenAI sign-in


  1. Change provider…      Currently OpenAI
  2. GPT-5.5               Auto model
› 3. All models (current)  Choose a specific model and reasoning level (current:
                           GPT-5.5)

  enter select · esc back
