---
source: tui/src/chatwidget/tests/popups_and_settings.rs
assertion_line: 2317
expression: snapshot
---
 Elpis · model gpt-5.6-sol default · location /tmp/project
                                                │CONTEXT LEDGER  context not
› Google Drive  [App] Connected files           │measured · ≈0 source estimates
                                                │Tab controls · Alt+C hide ·
  enter insert · esc close                      │Ctrl+click open file
│                                               │
› $                                             │SMART PRUNE          [···] SYNC
│                                               │Reading current thread state
        100% context left · Tab Context Ledger  │Syncing… · /smart-prune on|off
                                                │sets an explicit state
                                                │
                                                │SUBAGENTS             [━━━●] ON
                                                │May delegate to other agents
                                                │
                                                │CONTEXT WINDOW  usage
                                                │unavailable
                                                │Context measurement unavailable
                                                │until the first request
                                                │snapshot
                                                │
                                                │No portable context is
                                                │available.

--- plugin authentication ---
 Elpis · model gpt-5.6-sol default · location /tmp/project

  Plugins
  Plugin plugin installed.
  App setup 1/1: % Arabica UAE
  Already installed in this session.


     ChatGPT apps link unavailable  This app did not provide an install/manage
                                    URL
› 1. Continue                       Advance to the next app
  2. Skip remaining app setup       Stop this follow-up flow for this plugin

  esc close
