---
source: tui/src/chatwidget/tests/status_and_layout.rs
expression: normalize_snapshot_paths(terminal.backend().vt100().screen().contents())
---

• 1

 Elpis · model gpt-5 · location /tmp/pro
┌──────────────────────────────────────┐
› Ask Codex to do anything             │
│                                      │
│                                      │
└──────────────────────────────────────┘
  100% context left · Tab Context Ledger
