---
source: tui/src/chatwidget/tests/status_and_layout.rs
expression: snapshot
---
"                                                                                "
" Elpis · model gpt-5.6-sol · location /tmp/proje                                "
"▂▄▆ Elpising… (0s • esc to interrupt)           │CONTEXT LEDGER  context not    "
"│                                               │measured · ≈0 source estimates "
"› Ask Codex to do anything                      │Tab focus · Alt+C focus/hide · "
"│                                               │Ctrl+click open file           "
"│                                               │                               "
"│                                               │SMART PRUNE          [···] SYNC"
"        100% context left · Tab Context Ledger  │Reading current thread state   "
"                                                │Syncing… · /smart-prune on|off "
"                                                │sets an explicit state         "
"                                                │                               "
"                                                │CONTEXT WINDOW  usage          "
"                                                │unavailable                    "
"                                                │Context measurement unavailable"
"                                                │until the first request        "
"                                                │snapshot                       "
"                                                │                               "
"                                                │No portable context is         "
"                                                │available.                     "
