---
source: tui/src/chatwidget/tests/status_and_layout.rs
expression: normalized_backend_snapshot(terminal.backend())
---
"                                                                                "
" Elpis · model gpt-5.4 · location /tmp/project                                  "
"│                                               │CONTEXT LEDGER  context not    "
"› Ask Elpis to do anything                      │measured · ≈0 source estimates "
"│                                               │Tab controls · Alt+C hide ·    "
"│                                               │Ctrl+click open file           "
"│                                               │                               "
"          context unknown · Tab Context Ledger  │SMART PRUNE          [···] SYNC"
"                                                │Reading current thread state   "
"                                                │Syncing… · /smart-prune on|off "
"                                                │sets an explicit state         "
"                                                │                               "
"                                                │SUBAGENTS             [━━━●] ON"
"                                                │May delegate to other agents   "
"                                                │                               "
"                                                │CONTEXT WINDOW  usage          "
"                                                │unavailable                    "
"                                                │Context measurement unavailable"
"                                                │until the first request        "
"                                                │snapshot                       "
"                                                │                               "
"                                                │No portable context is         "
"                                                │available.                     "
