---
source: tui/src/chatwidget/tests/popups_and_settings.rs
assertion_line: 1258
expression: loaded_popup
---
 Elpis · model gpt-5.6-sol · location /tmp/project

  Plugins
  Workspace.
  This section loaded successfully.

   All Plugins   Installed (0)   OpenAI Curated   Workspace   Add Marketplace

  Type to search plugins

› No workspace plugins available  No workspace directory plugins are available








  ←/→ tabs · enter details · space toggle · esc close
