---
source: tui/src/chatwidget/tests/permissions.rs
expression: "render_bottom_popup(&chat, 80)"
---
 Elpis · model gpt-5.6-sol · location /tmp/proje
┌──────────────────────────────────────────────┐│CONTEXT LEDGER  context not
│ Update Model Permissions                     ││measured · ≈0 source estimates
│                                              ││Tab hide/show · Ctrl+click open
› 1. Ask for approval (current… Codex can read ││file
                                and edit files ││
                                in the current ││SMART PRUNE          [···] SYNC
                                workspace, and ││Reading current thread state
                                run commands.  ││Syncing… · /smart-prune on|off
                                Approval is    ││sets an explicit state
                                required to    ││
                                access the     ││CONTEXT WINDOW  usage
                                internet or    ││unavailable
                                edit other     ││Context measurement unavailable
                                files.         ││until the first request
  2. Full Access                Codex can edit ││snapshot
                                files outside  ││
                                this workspace ││No portable context is
                                and access the ││available.
                                internet       │
                                without asking │
                                for approval.  │
                                Exercise       │
                                caution when   │
                                using.         │
  3. Read Only                  Codex can read │
                                files in the   │
                                current        │
                                workspace.     │
                                Approval is    │
                                required to    │
                                edit files or  │
                                access the     │
                                internet.      │
└──────────────────────────────────────────────┘
  Press enter to confirm or esc to go back
