---
source: tui/src/chatwidget/tests/popups_and_settings.rs
assertion_line: 2799
expression: popup
---
 Elpis · model gpt-5.6-sol default · location /tmp/project

  Apps
  Failed to load apps.


     App directory unavailable  Retry the failed app directory request, or press
                                Esc to continue
› 1. Retry                      Reload installed and available apps

  enter select · esc back
