---
source: tui/src/chatwidget/tests/popups_and_settings.rs
expression: popup
---
 Elpis · model gpt-5.6-sol · location /tmp/project
┌──────────────────────────────────────────────────────────┐│CONTEXT LEDGER  Total ≈0 tokens
│ Plugins                                                  ││admitted
│ Browse plugins from available marketplaces.              ││i = select/deselect all · backspace =
│ Installed 0 of 3 available plugins.                      ││remove added file
│                                                          ││
│ [All Plugins]  Installed (0)  OpenAI Curated  Workspace  ││CONTEXT WINDOW  ≈0 of 258.4k used (0%)
│ Add Marketplace                                          ││░░░░░░░░░░░░░░░░░░░░░░░░░░░░░░░░░░░░░
│                                                          ││■ Conversation (messages)   ≈0 tokens
│ sla                                                      ││
› [-] Slack      Available   Press Enter to install or vi… ││No portable context is available.
└──────────────────────────────────────────────────────────┘
  space enable/disable · ←/→ select marketplace · enter view
