---
source: tui/src/chatwidget/tests/compaction_tests.rs
assertion_line: 56
expression: "normalize_compaction_snapshot(render_bottom_popup(&chat, 40))"
---
 Elpis · model gpt-5.6-sol default · loc
Compacting context (<elapsed> • esc to int…
  └ Making room to continue.

───────────────────────────────────────┐
› Ask Elpis to do anything             │
───────────────────────────────────────┘
  100% context left · Tab Context Ledger
