---
source: tui/src/chatwidget/tests/popups_and_settings.rs
expression: popup
---
 Elpis · model gpt-5.2 · location /tmp/project
┌──────────────────────────────────────────────┐│CONTEXT LEDGER  context not
│ Select Reasoning Level for gpt-5.2           ││measured · ≈0 source estimates
│                                              ││Tab hide/show · Ctrl+click open
  1. Low                   Balances speed with ││file
                           some reasoning;     ││
                           useful for          ││SMART PRUNE          [···] SYNC
                           straightforward     ││Reading current thread state
                           queries and short   ││Syncing… · /smart-prune on|off
                           explanations        ││sets an explicit state
  2. Medium (default)      Provides a solid    ││
                           balance of          ││CONTEXT WINDOW  usage
                           reasoning depth and ││unavailable
                           latency for         ││Context measurement unavailable
                           general-purpose     ││until the first request
                           tasks               ││snapshot
  3. High                  Maximizes reasoning ││
                           depth for complex   ││No portable context is
                           or ambiguous        ││available.
                           problems            │
› 4. Extra high (current)  Extra high          │
                           reasoning for       │
                           complex problems    │
                           ⚠ Extra high        │
                           reasoning effort    │
                           can quickly consume │
                           Plus plan rate      │
                           limits.             │
└──────────────────────────────────────────────┘
  Press enter to confirm or esc to go back
