---
source: tui/src/chatwidget/tests/popups_and_settings.rs
expression: strip_osc8_for_snapshot(&popup)
---
 Elpis · model gpt-5.6-sol · location /tmp/project
┌──────────────────────────────────────────────────────────┐│CONTEXT LEDGER  context not measured ·
│ Plugins                                                  ││≈0 source estimates
│ Figma · Can be installed · ChatGPT Marketplace           ││Tab hide/show · Ctrl+click open file
│ Data shared with this app is subject to the app's terms  ││
│ of service and privacy policy. Learn more.               ││SMART PRUNE                  [···] SYNC
│ Turn Figma files into implementation context.            ││Reading current thread state
│                                                          ││Syncing… · /smart-prune on|off sets an
› 1. Back to plugins  Return to the plugin list.           ││explicit state
  2. Install plugin   Install this plugin now.             ││
     Source           npm · @acme/figma-plugin@^1.2.0      ││CONTEXT WINDOW  usage unavailable
     Auth             Auth on install                      ││Context measurement unavailable until
     Skills           design-review, extract-copy          ││the first request snapshot
     Hooks            PreToolUse (1), Stop (2)             ││
     Apps             Figma, Slack                         ││No portable context is available.
     MCP Servers      figma-mcp, docs-mcp                  │
└──────────────────────────────────────────────────────────┘
  Press esc to close.
