---
source: tui/src/chatwidget/tests/mcp_startup.rs
assertion_line: 239
expression: "render_bottom_popup(&chat, 80)"
---
 Elpis · model gpt-5.6-sol · location /tmp/project

  Select a review preset


› 1. Review against a base branch  (PR Style)
  2. Review uncommitted changes
  3. Review a commit
  4. Custom review instructions

  enter select · esc back
