---
source: tui/src/chatwidget/tests/popups_and_settings.rs
expression: popup
---
 Elpis · model gpt-5.6-sol · location /tmp/project
┌──────────────────────────────────────────────────────────────────────────────────────────────────────────────────────────────────────────────────────────────────────────────────────────────────────────────────────────────────────────────────────────────────────────┐│CONTEXT LEDGER  context not measured · ≈0 source
│ Plugins                                                                                                                                                                                                                                                                  ││estimates
│ Browse plugins from available marketplaces.                                                                                                                                                                                                                              ││Tab hide/show · Ctrl+click open file
│ Installed 1 of 4 available plugins.                                                                                                                                                                                                                                      ││
│                                                                                                                                                                                                                                                                          ││SMART PRUNE                              [···] SYNC
│ [All Plugins]  Installed (1)  OpenAI Curated  Workspace  Repo Marketplace  Add Marketplace                                                                                                                                                                               ││Reading current thread state
│                                                                                                                                                                                                                                                                          ││Syncing… · /smart-prune on|off sets an explicit
│ Type to search plugins                                                                                                                                                                                                                                                   ││state
› [ ] Alpha Sync          Disabled         Space to enable; Enter view details.                                                                                                                                                                                            ││
  [-] Bravo Search        Available      · OpenAI Curated · Search docs and tickets.                                                                                                                                                                                       ││CONTEXT WINDOW  usage unavailable
  [-] Hidden Repo Plugin  Available      · Repo Marketplace · Should not be shown in /plugins.                                                                                                                                                                             ││Context measurement unavailable until the first
  [-] Starter             Admin assigned · OpenAI Curated · Included by default.                                                                                                                                                                                           ││request snapshot
└──────────────────────────────────────────────────────────────────────────────────────────────────────────────────────────────────────────────────────────────────────────────────────────────────────────────────────────────────────────────────────────────────────────┘│
  space enable/disable · ←/→ select marketplace · enter view details · esc close                                                                                                                                                                                            │No portable context is available.
