---
source: tui/src/chatwidget/tests/popups_and_settings.rs
expression: popup
---
 Elpis · model gpt-5.6-sol · location /tmp/proje
┌──────────────────────────────────────────────┐│CONTEXT LEDGER  Total ≈0 tokens
│ Enable memories?                             ││admitted
│ Memories are currently disabled in your conf ││i = select/deselect all ·
│                                              ││backspace = remove added file
› 1. Yes, enable  Save the setting now. You    ││
                  will need a new session to   ││CONTEXT WINDOW  ≈0 of 258.4k
                  use it.                      ││used (0%)
  2. Not now      Keep memories disabled.      ││░░░░░░░░░░░░░░░░░░░░░░░░░░░░░
└──────────────────────────────────────────────┘│■ Conversation (messages) ≈0
  Learn more: https://developers.openai.com/    │tokens
  codex/memories                                │
  Press enter to confirm or esc to go back      │No portable context is
                                                │available.
