---
source: tui/src/chatwidget/tests/status_and_layout.rs
expression: popup
---
 Elpis · model gpt-5.6-sol · location /tmp/project
┌────────────────────────────────────────────────────┐│CONTEXT LEDGER  Total ≈0 tokens
│ You've reached your workspace credit limit         ││admitted
│ Your workspace is out of credits. Ask your workspa ││i = select/deselect all · backspace
│                                                    ││= remove added file
  1. Yes (y)                                         ││
› 2. No (default) (n)                                ││CONTEXT WINDOW  ≈0 of 258.4k used
└────────────────────────────────────────────────────┘│(0%)
  Press enter to confirm or esc to go back            │░░░░░░░░░░░░░░░░░░░░░░░░░░░░░░░░░
                                                      │■ Conversation (messages) ≈0 tokens
                                                      │
                                                      │No portable context is available.
