---
source: tui/src/chatwidget/tests/status_surface_previews.rs
expression: status_line_popup_snapshot(&mut chat)
---
 Elpis · model gpt-5.6-sol · location /tmp/project
                                                            │CONTEXT LEDGER  Total ≈0 tokens
  Configure Status Line                                     │admitted
  Select which items to display in the status line.         │i = select/deselect all · backspace =
                                                            │remove added file
  Type to search                                            │
  >                                                         │CONTEXT WINDOW  ≈0 of 258.4k used (0%)
› [x] Use theme colors      Apply colors from the active …  │░░░░░░░░░░░░░░░░░░░░░░░░░░░░░░░░░░░░░
  ───────────────────────                                   │■ Conversation (messages)   ≈0 tokens
  [x] monthly-limit         Remaining usage on the monthl…  │
  [x] weekly-limit          Remaining usage on the weekly…  │No portable context is available.
  [ ] model                 Current model name
  [ ] model-with-reasoning  Current model name with reaso…
  [ ] reasoning             Current reasoning level
  [ ] current-dir           Current working directory

  ELPIS · provider openai · model gpt-5.6-sol · context 0…
  Press space to toggle; ←/→ to move; enter to confirm and c
