---
source: tui/src/chatwidget/tests/exec_flow.rs
expression: contents
---

 Elpis · model gpt-5.6-sol · location /tmp/project
┌──────────────────────────────────────────────────────────────────────────────────────────────────┐
│ Would you like to run the following command?                                                     │
│                                                                                                  │
│ $ python - <<'PY'                                                                                │
│ print('hello')                                                                                   │
│ PY                                                                                               │
│                                                                                                  │
› 1. Yes, proceed (y)                                                                              │
  2. No, and tell Elpis what to do differently (esc)                                               │
└──────────────────────────────────────────────────────────────────────────────────────────────────┘
  Press enter to confirm or esc to cancel
