---
source: tui/src/chatwidget/tests/status_and_layout.rs
expression: normalized_backend_snapshot(terminal.backend())
---
"                                                                                                    "
" Elpis · model gpt-5.6-sol · location /tmp/project                                                  "
"┌──────────────────────────────────────────────────────────┐│CONTEXT LEDGER  Total ≈0 tokens        "
"│ Would you like to run the following command?             ││admitted                               "
"│                                                          ││i = select/deselect all · backspace =  "
"│ Reason: this is a test reason such as one that would be  ││remove added file                      "
"│ produced by the model                                    ││                                       "
"│                                                          ││CONTEXT WINDOW  ≈0 of 258.4k used (0%) "
"│ $ echo 'hello world'                                     ││░░░░░░░░░░░░░░░░░░░░░░░░░░░░░░░░░░░░░  "
"│                                                          ││■ Conversation (messages)   ≈0 tokens  "
"› 1. Yes, proceed (y)                                      ││                                       "
"  2. Yes, and don't ask again for commands that start with ││No portable context is available.      "
"     `echo 'hello world'` (p)                              │                                        "
"  3. No, and tell Codex what to do differently (esc)       │                                        "
"└──────────────────────────────────────────────────────────┘                                        "
"  Press enter to confirm or esc to cancel                                                           "
