---
source: tui/src/chatwidget/tests/composer_submission.rs
assertion_line: 2727
expression: "normalize_snapshot_paths(render_bottom_popup(&chat, 80))"
---
 Elpis · model gpt-5.6-sol default · location /tmp/project
• Queued follow-up inputs                       │ CONTEXT LEDGER  context not
  ↳ Preparing images: describe                  │ measured · ≈0 source
    ↑ edit all · enter send                     │ estimates
────────────────────────────────────────────────┤ Tab controls · Alt+C hide ·
› x                                             │ Ctrl+click open file
────────────────────────────────────────────────┤
        100% context left · Tab Context Ledger  │ SMART PRUNE       [···] SYNC
                                                │ Reading current thread state
                                                │ Syncing… · /smart-prune on|
                                                │ off sets an explicit state
                                                │
                                                │ SUBAGENTS          [━━━●] ON
                                                │ May delegate to other agents
                                                │
                                                │ CONTEXT WINDOW  usage
                                                │ unavailable
                                                │ Context measurement
                                                │ unavailable until the first
                                                │ request snapshot
                                                │
                                                │ No portable context is
                                                │ available.
