---
source: tui/src/chatwidget/tests/plan_mode.rs
expression: popup
---
 Elpis · model gpt-5 · location /tmp/project
┌──────────────────────────────────────────────┐│CONTEXT LEDGER  Total ≈0 tokens
│ Implement this plan?                         ││admitted
│                                              ││i = select/deselect all ·
› 1. Yes, implement this plan   Switch to      ││backspace = remove added file
                                Default and    ││
                                start coding.  ││CONTEXT WINDOW  ≈0 of 258.4k
  2. Yes, clear context and im… Fresh thread   ││used (0%)
                                with this      ││░░░░░░░░░░░░░░░░░░░░░░░░░░░░░
                                plan.          ││■ Conversation (messages) ≈0
  3. No, stay in Plan mode      Continue       ││tokens
                                planning with  ││
                                the model.     ││No portable context is
└──────────────────────────────────────────────┘│available.
  Press enter to confirm or esc to go back
