---
source: tui/src/chatwidget/tests/exec_flow.rs
expression: normalized_backend_snapshot(terminal.backend())
---
"                                                                                "
" Elpis · model gpt-5.6-sol · location /tmp/proje                                "
"Elpising… (0s • esc to interrupt)               │CONTEXT LEDGER  context not    "
"│                                               │measured · ≈0 source estimates "
"› Ask Codex to do anything                      │Tab controls · Alt+C hide ·    "
"│                                               │Ctrl+click open file           "
"│                                               │                               "
"│                                               │SMART PRUNE          [···] SYNC"
"          context unknown · Tab Context Ledger  │Reading current thread state   "
"                                                │Syncing… · /smart-prune on|off "
"                                                │sets an explicit state         "
"                                                │                               "
"                                                │CONTEXT WINDOW  usage          "
"                                                │unavailable                    "
"                                                │Context measurement unavailable"
"                                                │until the first request        "
"                                                │snapshot                       "
"                                                │                               "
"                                                │No portable context is         "
"                                                │available.                     "
