---
source: tui/src/chatwidget/tests/permissions.rs
expression: popup
---
 Elpis · model gpt-5.6-sol · location /tmp/proje
┌──────────────────────────────────────────────┐│CONTEXT LEDGER  Total ≈0 tokens
│ Update Model Permissions                     ││admitted
│                                              ││i = select/deselect all ·
› 1. Ask for approval  Codex can read and edit ││backspace = remove added file
                       files in the current    ││
                       workspace, and run      ││CONTEXT WINDOW  ≈0 of 258.4k
                       commands. Approval is   ││used (0%)
                       required to access the  ││░░░░░░░░░░░░░░░░░░░░░░░░░░░░░
                       internet or edit other  ││■ Conversation (messages) ≈0
                       files.                  ││tokens
  2. Full Access       Codex can edit files    ││
                       outside this workspace  ││No portable context is
                       and access the internet ││available.
                       without asking for      │
                       approval. Exercise      │
                       caution when using.     │
└──────────────────────────────────────────────┘
  Press enter to confirm or esc to go back
