---
source: tui/src/chatwidget/tests/bedrock_catalog_tests.rs
expression: "render_bottom_popup(&chat, 100)"
---
 Elpis · model global.openai.gpt-6.1-sol default · location /tmp/project

  Choose a mind and effort
  Provider: OpenAI (openai)
  Route: the provider's default endpoint
  Protocol: OpenAI Responses
  Credential: your OpenAI sign-in


  1. Change provider…                  Currently OpenAI
› 2. GPT-6.1 Sol (Global) (current)    Latest workhorse model for coding and everyday work.
  3. GPT-6-Astra (Global)              Frontier intelligence for the most demanding work.
  4. GPT-6 Sol (Global)                Previous generation workhorse model.
  5. GPT-6 Luna (Global)               Fast and affordable model for easier tasks.
  6. GPT-5.6 Sol (Global)              Older generation workhorse model.
  7. GPT-5.6 Terra (Global)            Older balanced model for straightforward work.
  8. GPT-5.6 Luna (Global)             Older fast and efficient model.
↓
  enter select · esc back
