---
source: tui/src/chatwidget/tests/status_surface_previews.rs
expression: terminal_title_popup_snapshot(&mut chat)
---
 Elpis · model gpt-5.6-sol · location /tmp/project
                                                            │CONTEXT LEDGER  context not measured ·
  Configure Terminal Title                                  │≈0 source estimates
  Select which items to display in the terminal title.      │Tab hide/show · Ctrl+click open file
                                                            │
  Type to search                                            │SMART PRUNE                  [···] SYNC
  >                                                         │Reading current thread state
› [x] monthly-limit  Remaining usage on the monthly usage…  │Syncing… · /smart-prune on|off sets an
  [x] weekly-limit   Remaining usage on the weekly usage …  │explicit state
  [ ] app-name       Codex app name                         │
  [ ] project-name   Project name (falls back to current …  │CONTEXT WINDOW  usage unavailable
  [ ] current-dir    Current working directory              │Context measurement unavailable until
  [ ] activity       Spinner while working, action-requir…  │the first request snapshot
  [ ] run-state      Compact session run-state text (Read…  │
  [ ] thread-title   Current thread title, or thread iden…  │No portable context is available.

  monthly 65% left | weekly 50% left
  Press space to toggle; ←/→ to move; enter to confirm and c
