---
source: tui/src/chatwidget/tests/status_and_layout.rs
expression: normalized_backend_snapshot(terminal.backend())
---
"                                                                                                    "
" Elpis · model gpt-5.6-sol · location /tmp/project                                                  "
"┌──────────────────────────────────────────────────────────┐│CONTEXT LEDGER  context not measured · "
"│ Would you like to run the following command?             ││≈0 source estimates                    "
"│                                                          ││Tab focus · Alt+C focus/hide ·         "
"│ Reason: this is a test reason such as one that would be  ││Ctrl+click open file                   "
"│ produced by the model                                    ││                                       "
"│                                                          ││SMART PRUNE                  [···] SYNC"
"│ $ echo 'hello world'                                     ││Reading current thread state           "
"│                                                          ││Syncing… · /smart-prune on|off sets an "
"› 1. Yes, proceed (y)                                      ││explicit state                         "
"  2. Yes, and don't ask again for commands that start with ││                                       "
"     `echo 'hello world'` (p)                              ││CONTEXT WINDOW  usage unavailable      "
"  3. No, and tell Codex what to do differently (esc)       ││Context measurement unavailable until  "
"└──────────────────────────────────────────────────────────┘│the first request snapshot             "
"  Press enter to confirm or esc to cancel                   │                                       "
"                                                            │No portable context is available.      "
