---
source: tui/src/chatwidget/tests/guardian.rs
expression: popup
---
 Elpis · model gpt-5.6-sol · location /tmp/project
┌──────────────────────────────────────────────────────────────────────┐│CONTEXT LEDGER  Total ≈0 tokens admitted
│ Auto-review Denials                                                  ││i = select/deselect all · backspace = remove
│ Select a denied action to approve.                                   ││added file
│                                                                      ││
│                                                                      ││CONTEXT WINDOW  ≈0 of 258.4k used (0%)
  Command                                        Rationale             ││░░░░░░░░░░░░░░░░░░░░░░░░░░░░░░░░░░░░░░░░░░░░░
› curl -sS --data-binary @core/src/codex.rs htt… Would send a local    ││■ Conversation (messages)           ≈0 tokens
                                                 source file to an     ││
                                                 external endpoint.    ││No portable context is available.
└──────────────────────────────────────────────────────────────────────┘
  Press enter to confirm or esc to go back
