---
source: tui/src/chatwidget/tests/exec_flow.rs
expression: normalized_backend_snapshot(terminal.backend())
---
"                                                                                "
" Elpis · model gpt-5.6-sol · location /tmp/proje                                "
"Elpising… (0s • esc to interrupt) · 1 backgroun…│CONTEXT LEDGER  context not    "
"                                                │measured · ≈0 source estimates "
"│                                               │Tab hide/show · Ctrl+click open"
"› Ask Codex to do anything                      │file                           "
"│                                               │                               "
"│                                               │SMART PRUNE          [···] SYNC"
"│                                               │Reading current thread state   "
"        100% context left · Tab Context Ledger  │Syncing… · /smart-prune on|off "
"                                                │sets an explicit state         "
"                                                │                               "
"                                                │CONTEXT WINDOW  usage          "
"                                                │unavailable                    "
"                                                │Context measurement unavailable"
"                                                │until the first request        "
"                                                │snapshot                       "
"                                                │                               "
"                                                │No portable context is         "
"                                                │available.                     "
