---
source: tui/src/chatwidget/tests/status_and_layout.rs
assertion_line: 5408
expression: "format!(\"{first_running_snapshot}\\n\\n{second_running_snapshot}\\n\\n{older_completed_snapshot}\\n\\n{all_completed_snapshot}\")"
---
pre running
activity:
"                                                                                "
" Elpis · model gpt-5.6-sol default · location /tmp/project                      "
"Thinking (0s • esc to interrupt)                │CONTEXT LEDGER  context not    "
"  └ checking command policy                     │measured · ≈0 source estimates "
"                                                │Tab controls · Alt+C hide ·    "
"│                                               │Ctrl+click open file           "
"› Ask Elpis to do anything                      │                               "
"│                                               │SMART PRUNE          [···] SYNC"
"        100% context left · Tab Context Ledger  │Reading current thread state   "
"                                                │Syncing… · /smart-prune on|off "
"                                                │sets an explicit state         "
"                                                │                               "
"                                                │SUBAGENTS             [━━━●] ON"
"                                                │May delegate to other agents   "
"                                                │                               "
"                                                │CONTEXT WINDOW  usage          "
"                                                │unavailable                    "
"                                                │Context measurement unavailable"
"                                                │until the first request        "
"                                                │snapshot                       "
"                                                │                               "
"                                                │No portable context is         "
"                                                │available.                     "
history:
<empty>

post running
activity:
"                                                                                "
" Elpis · model gpt-5.6-sol default · location /tmp/project                      "
"Thinking (0s • esc to interrupt) · Running hooks│CONTEXT LEDGER  context not    "
"                                                │measured · ≈0 source estimates "
"│                                               │Tab controls · Alt+C hide ·    "
"› Ask Elpis to do anything                      │Ctrl+click open file           "
"│                                               │                               "
"        100% context left · Tab Context Ledger  │SMART PRUNE          [···] SYNC"
"                                                │Reading current thread state   "
"                                                │Syncing… · /smart-prune on|off "
"                                                │sets an explicit state         "
"                                                │                               "
"                                                │SUBAGENTS             [━━━●] ON"
"                                                │May delegate to other agents   "
"                                                │                               "
"                                                │CONTEXT WINDOW  usage          "
"                                                │unavailable                    "
"                                                │Context measurement unavailable"
"                                                │until the first request        "
"                                                │snapshot                       "
"                                                │                               "
"                                                │No portable context is         "
"                                                │available.                     "
history:
<empty>

pre completed
activity:
"                                                                                "
" Elpis · model gpt-5.6-sol default · location /tmp/project                      "
"Thinking (0s • esc to interrupt)                │CONTEXT LEDGER  context not    "
"  └ checking output policy                      │measured · ≈0 source estimates "
"                                                │Tab controls · Alt+C hide ·    "
"│                                               │Ctrl+click open file           "
"› Ask Elpis to do anything                      │                               "
"│                                               │SMART PRUNE          [···] SYNC"
"        100% context left · Tab Context Ledger  │Reading current thread state   "
"                                                │Syncing… · /smart-prune on|off "
"                                                │sets an explicit state         "
"                                                │                               "
"                                                │SUBAGENTS             [━━━●] ON"
"                                                │May delegate to other agents   "
"                                                │                               "
"                                                │CONTEXT WINDOW  usage          "
"                                                │unavailable                    "
"                                                │Context measurement unavailable"
"                                                │until the first request        "
"                                                │snapshot                       "
"                                                │                               "
"                                                │No portable context is         "
"                                                │available.                     "
history:
<empty>

all completed
activity:
"                                                                                "
" Elpis · model gpt-5.6-sol default · location /tmp/project                      "
"Thinking (0s • esc to interrupt)                │CONTEXT LEDGER  context not    "
"                                                │measured · ≈0 source estimates "
"│                                               │Tab controls · Alt+C hide ·    "
"› Ask Elpis to do anything                      │Ctrl+click open file           "
"│                                               │                               "
"        100% context left · Tab Context Ledger  │SMART PRUNE          [···] SYNC"
"                                                │Reading current thread state   "
"                                                │Syncing… · /smart-prune on|off "
"                                                │sets an explicit state         "
"                                                │                               "
"                                                │SUBAGENTS             [━━━●] ON"
"                                                │May delegate to other agents   "
"                                                │                               "
"                                                │CONTEXT WINDOW  usage          "
"                                                │unavailable                    "
"                                                │Context measurement unavailable"
"                                                │until the first request        "
"                                                │snapshot                       "
"                                                │                               "
"                                                │No portable context is         "
"                                                │available.                     "
history:
<empty>
