---
source: tui/src/chatwidget/tests/misalignment_policy_tests.rs
assertion_line: 98
expression: popup
---
 Elpis · model gpt-5.6-sol · location /tmp/project

  Chat stopped as a precaution
  We couldn’t confirm the agent was acting safely and following your
  instructions. To continue working, start or resume another chat.


› 1. New chat
  2. Resume another chat
