---
source: tui/src/chatwidget/tests/model_display_name_tests.rs
expression: "render_bottom_popup(&chat, 80)"
---
 Elpis · model us.openai.gpt-5.6-luna high · location /tmp/project

  Choose a mind
  Pick a quick auto mode or browse all models.
  Provider: OpenAI (openai)
  Route: the provider's default endpoint
  Protocol: OpenAI Responses
  Credential: your OpenAI sign-in


  1. Change provider…      Currently OpenAI
  2. Auto Fast             Custom provider model
› 3. All models (current)  Choose a specific model and reasoning level (current:
                           GPT-5.6 Luna)

  enter select · esc back
