---
source: tui/src/chatwidget/tests/status_and_layout.rs
expression: normalized_backend_snapshot(terminal.backend())
---
"                                                                                "
" Elpis · model gpt-5.2 · location /tmp/project                                  "
"│                                               │CONTEXT LEDGER  context not    "
"› Ask Codex to do anything                      │measured · ≈0 source estimates "
"│                                               │Tab focus · Alt+C focus/hide · "
"│                                               │Ctrl+click open file           "
"│                                               │                               "
"  /dev  load the development rules for this rep…│SMART PRUNE          [···] SYNC"
"                                                │Reading current thread state   "
"                                                │Syncing… · /smart-prune on|off "
"                                                │sets an explicit state         "
"                                                │                               "
"                                                │CONTEXT WINDOW  usage          "
"                                                │unavailable                    "
"                                                │Context measurement unavailable"
"                                                │until the first request        "
"                                                │snapshot                       "
"                                                │                               "
"                                                │No portable context is         "
"                                                │available.                     "
