---
source: tui/src/chatwidget/tests/app_server.rs
expression: popup
---
 Elpis · model gpt-5.6-sol · location /tmp/proje
┌──────────────────────────────────────────────┐│CONTEXT LEDGER  context not
│ Our systems are thinking a bit more about    ││measured · ≈0 source estimates
│ this request before responding.              ││Tab hide/show · Ctrl+click open
│ Hang tight or retry with a faster model for  ││file
│ a quicker response, though it may be less    ││
│ capable of handling complex requests.        ││SMART PRUNE          [···] SYNC
│                                              ││Reading current thread state
› 1. Retry with a faster model                 ││Syncing… · /smart-prune on|off
  2. Dismiss and keep waiting                  ││sets an explicit state
  3. Learn more                                ││
└──────────────────────────────────────────────┘│CONTEXT WINDOW  usage
  No action is required. Codex will keep        │unavailable
  waiting, and this menu will close when the    │Context measurement unavailable
  response is ready.                            │until the first request
                                                │snapshot
                                                │
                                                │No portable context is
                                                │available.
