---
source: tui/src/chatwidget/tests/exec_flow.rs
expression: normalized_backend_snapshot(terminal.backend())
---
"                                                                                "
" Elpis · model gpt-5.6-sol · location /tmp/proje                                "
"• elpising… (0s • esc to interrupt)             │CONTEXT LEDGER  Total ≈0 tokens"
"┌──────────────────────────────────────────────┐│admitted                       "
"› Ask Codex to do anything                     ││Tab focus · Alt+C focus/hide · "
"│                                              ││Ctrl+click open file           "
"│                                              ││                               "
"└──────────────────────────────────────────────┘│SMART PRUNE          [···] SYNC"
"        100% context left · Tab Context Ledger  │Reading current thread state   "
"                                                │Syncing… · /smart-prune on|off "
"                                                │sets an explicit state         "
"                                                │                               "
"                                                │CONTEXT WINDOW  ≈0 of 258.4k   "
"                                                │used (0%)                      "
"                                                │░░░░░░░░░░░░░░░░░░░░░░░░░░░░░  "
"                                                │■ Conversation + built-in      "
"                                                │context ≈0 tokens              "
"                                                │                               "
"                                                │No portable context is         "
"                                                │available.                     "
