---
source: tui/src/chatwidget/tests/status_and_layout.rs
assertion_line: 4773
expression: "format!(\"exec running:\\n{exec_running}\\nexec and hook running:\\n{exec_and_hook_running}\\nhistory after exec:\\n{history_after_exec}\\nhook running after exec:\\n{hook_running_after_exec}\\nquiet hook completed:\\n{quiet_hook_completed}\")"
---
exec running:
• Running echo done

exec and hook running:
"                                                                                "
"• Running echo done                                                             "
"                                                                                "
" Elpis · model gpt-5.6-sol default · location /tmp/project                      "
"Elpising… (0s • esc to interrupt)               │ CONTEXT LEDGER  context not   "
"  └ checking output policy                      │ measured · ≈0 source          "
"                                                │ estimates                     "
"────────────────────────────────────────────────┤ Tab controls · Alt+C hide ·   "
"› Ask Elpis to do anything                      │ Ctrl+click open file          "
"────────────────────────────────────────────────┤                               "
"  tab  open the Context Ledger and choose what …│ SMART PRUNE       [···] SYNC  "
"                                                │ Reading current thread state  "
"                                                │ Syncing… · /smart-prune on|   "
"                                                │ off sets an explicit state    "
"                                                │                               "
"                                                │ SUBAGENTS          [━━━●] ON  "
"                                                │ May delegate to other agents  "
"                                                │                               "
"                                                │ CONTEXT WINDOW  usage         "
"                                                │ unavailable                   "
"                                                │ Context measurement           "
"                                                │ unavailable until the first   "
"                                                │ request snapshot              "
"                                                │                               "
"                                                │ No portable context is        "
"                                                │ available.                    "
history after exec:
• Ran echo done
  └ done

hook running after exec:
"                                                                                "
" Elpis · model gpt-5.6-sol default · location /tmp/project                      "
"Elpising… (0s • esc to interrupt)               │ CONTEXT LEDGER  context not   "
"  └ checking output policy                      │ measured · ≈0 source          "
"                                                │ estimates                     "
"────────────────────────────────────────────────┤ Tab controls · Alt+C hide ·   "
"› Ask Elpis to do anything                      │ Ctrl+click open file          "
"────────────────────────────────────────────────┤                               "
"  tab  open the Context Ledger and choose what …│ SMART PRUNE       [···] SYNC  "
"                                                │ Reading current thread state  "
"                                                │ Syncing… · /smart-prune on|   "
"                                                │ off sets an explicit state    "
"                                                │                               "
"                                                │ SUBAGENTS          [━━━●] ON  "
"                                                │ May delegate to other agents  "
"                                                │                               "
"                                                │ CONTEXT WINDOW  usage         "
"                                                │ unavailable                   "
"                                                │ Context measurement           "
"                                                │ unavailable until the first   "
"                                                │ request snapshot              "
"                                                │                               "
"                                                │ No portable context is        "
"                                                │ available.                    "
quiet hook completed:
"                                                                                "
" Elpis · model gpt-5.6-sol default · location /tmp/project                      "
"Elpising… (0s • esc to interrupt)               │ CONTEXT LEDGER  context not   "
"                                                │ measured · ≈0 source          "
"────────────────────────────────────────────────┤ estimates                     "
"› Ask Elpis to do anything                      │ Tab controls · Alt+C hide ·   "
"────────────────────────────────────────────────┤ Ctrl+click open file          "
"  tab  open the Context Ledger and choose what …│                               "
"                                                │ SMART PRUNE       [···] SYNC  "
"                                                │ Reading current thread state  "
"                                                │ Syncing… · /smart-prune on|   "
"                                                │ off sets an explicit state    "
"                                                │                               "
"                                                │ SUBAGENTS          [━━━●] ON  "
"                                                │ May delegate to other agents  "
"                                                │                               "
"                                                │ CONTEXT WINDOW  usage         "
"                                                │ unavailable                   "
"                                                │ Context measurement           "
"                                                │ unavailable until the first   "
"                                                │ request snapshot              "
"                                                │                               "
"                                                │ No portable context is        "
"                                                │ available.                    "
