---
source: tui/src/history_cell/tests.rs
expression: rendered
---
╭─────────────────────────────────────────────────────╮
│ ✨ Update available! 0.3.0 -> 9.9.9                 │
│ Run elpis --update to update.                       │
│                                                     │
│ See full release notes:                             │
│ https://github.com/MasihMoafi/Elpis/releases/latest │
╰─────────────────────────────────────────────────────╯
